[2021-10-18 18:26:55.25793] [32728] [debug] Dropped table 'urls'
[2021-10-18 18:26:55.31859] [32728] [debug] Dropped table 'images'
[2021-10-18 18:26:55.38395] [32728] [debug] Dropped table 'notes'
[2021-10-18 18:26:55.44298] [32728] [debug] Dropped table 'feature_locations'
[2021-10-18 18:26:55.50641] [32728] [debug] Dropped table 'features'
[2021-10-18 18:26:55.56872] [32728] [debug] Dropped table 'flower_locations'
[2021-10-18 18:26:55.62666] [32728] [debug] Dropped table 'gardens'
[2021-10-18 18:26:55.68523] [32728] [debug] Dropped table 'properties'
[2021-10-18 18:26:55.75853] [32728] [debug] Dropped table 'attributes'
[2021-10-18 18:26:55.83116] [32728] [debug] Dropped table 'attribute_types'
[2021-10-18 18:26:55.90135] [32728] [debug] Dropped table 'flowers'
[2021-10-18 18:26:55.97221] [32728] [debug] Dropped table 'constants'
[2021-10-18 18:26:56.05125] [32728] [debug] Dropped table 'log'
[2021-10-18 18:26:56.37782] [32729] [debug] Created table 'log'
[2021-10-18 18:26:56.44980] [32729] [debug] Created table 'constants'
[2021-10-18 18:26:56.52878] [32729] [debug] Created table 'flowers'
[2021-10-18 18:26:56.59891] [32729] [debug] Created table 'attribute_types'
[2021-10-18 18:26:56.67507] [32729] [debug] Created table 'attributes'
[2021-10-18 18:26:56.75042] [32729] [debug] Created table 'properties'
[2021-10-18 18:26:56.82369] [32729] [debug] Created table 'gardens'
[2021-10-18 18:26:56.89990] [32729] [debug] Created table 'flower_locations'
[2021-10-18 18:26:56.97000] [32729] [debug] Created table 'features'
[2021-10-18 18:26:57.04333] [32729] [debug] Created table 'feature_locations'
[2021-10-18 18:26:57.12159] [32729] [debug] Created table 'notes'
[2021-10-18 18:26:57.19311] [32729] [debug] Created table 'images'
[2021-10-18 18:26:57.26974] [32729] [debug] Created table 'urls'
[2021-10-18 18:26:57.59222] [32730] [debug] Populating all tables
[2021-10-18 18:26:57.90546] [32730] [info] Read 4 records into 'attribute_types'
[2021-10-18 18:26:59.92022] [32730] [info] Read 32 records into 'constants'
[2021-10-18 18:26:59.97704] [32730] [warn] flowers. Row: 10. Duplicate scientific_name: Alstroemeria
[2021-10-18 18:26:59.97718] [32730] [warn] flowers. Row: 13. Duplicate scientific_name: Alyogyne huegelii
[2021-10-18 18:26:59.97726] [32730] [warn] flowers. Row: 16. Duplicate scientific_name: Anigozanthos hybrid Kangaroo Paw
[2021-10-18 18:26:59.97743] [32730] [warn] flowers. Row: 28. Duplicate scientific_name: Azalea
[2021-10-18 18:26:59.97748] [32730] [warn] flowers. Row: 29. Duplicate scientific_name: Azalea
[2021-10-18 18:26:59.97759] [32730] [info] flowers. Row: 36. Duplicate common_name: Spinach Beet
[2021-10-18 18:26:59.97810] [32730] [warn] flowers. Row: 83. Duplicate scientific_name: Fuchsia
[2021-10-18 18:26:59.97815] [32730] [warn] flowers. Row: 84. Duplicate scientific_name: Fuchsia
[2021-10-18 18:26:59.97823] [32730] [warn] flowers. Row: 88. Duplicate scientific_name: Grevillea
[2021-10-18 18:26:59.97828] [32730] [warn] flowers. Row: 89. Duplicate scientific_name: Grevillea
[2021-10-18 18:26:59.97833] [32730] [warn] flowers. Row: 90. Duplicate scientific_name: Grevillea
[2021-10-18 18:26:59.97845] [32730] [warn] flowers. Row: 98. Duplicate scientific_name: Heuchera
[2021-10-18 18:26:59.97852] [32730] [info] flowers. Row: 100. Duplicate common_name: Hoary Guinea Flower
[2021-10-18 18:26:59.97856] [32730] [warn] flowers. Row: 100. Duplicate scientific_name: Hibbertia obtusifolia
[2021-10-18 18:26:59.97861] [32730] [info] flowers. Row: 102. Duplicate common_name: Climbing Guinea Flower
[2021-10-18 18:26:59.97864] [32730] [warn] flowers. Row: 102. Duplicate scientific_name: Hibbertia scandens
[2021-10-18 18:26:59.97871] [32730] [info] flowers. Row: 106. Duplicate common_name: Golden Nugget
[2021-10-18 18:26:59.97913] [32730] [warn] flowers. Row: 146. Duplicate scientific_name: Mandevilla hybrid
[2021-10-18 18:26:59.97938] [32730] [warn] flowers. Row: 170. Duplicate scientific_name: Plectranthus caninus
[2021-10-18 18:26:59.97944] [32730] [warn] flowers. Row: 172. Duplicate scientific_name: Plectranthus ecklonii
[2021-10-18 18:26:59.97958] [32730] [warn] flowers. Row: 181. Duplicate scientific_name: Rosa
[2021-10-18 18:26:59.97963] [32730] [warn] flowers. Row: 182. Duplicate scientific_name: Rosa
[2021-10-18 18:26:59.97967] [32730] [warn] flowers. Row: 183. Duplicate scientific_name: Rosa
[2021-10-18 18:26:59.97978] [32730] [warn] flowers. Row: 188. Duplicate scientific_name: Salvia involucrata
[2021-10-18 18:27:14.05966] [32730] [info] Read 210 records into 'flowers'
[2021-10-18 18:27:14.18839] [32730] [info] Read 2 records into 'properties'
[2021-10-18 18:27:14.31965] [32730] [info] Read 2 records into 'gardens'
[2021-10-18 18:27:22.63943] [32730] [error] flower_locations. Row: 72. Common name ''Goldfever'' undefined
[2021-10-18 18:27:22.70596] [32730] [error] flower_locations. Row: 74. Common name ''Lemon Daze'' undefined
[2021-10-18 18:27:25.29205] [32730] [error] flower_locations. Row: 79. Common name ''Obsidian'' undefined
[2021-10-18 18:27:25.68191] [32730] [error] flower_locations. Row: 86. Common name 'Hymenosporum' undefined
[2021-10-18 18:27:29.82034] [32730] [info] Max (x, y) = (29, 67)
[2021-10-18 18:27:29.82045] [32730] [info] Read 137 records into 'flower_locations'
[2021-10-18 18:27:32.39514] [32730] [info] Read 35 records into 'features'
[2021-10-18 18:27:43.58161] [32730] [error] feature_locations. Row: 8. Property name: Ron. Garden name: Front. Feature 'Brick path'. Feature location '15,16' is already in use by 'Thelionema caespitosum'
[2021-10-18 18:27:44.03755] [32730] [error] feature_locations. Row: 8. Property name: Ron. Garden name: Front. Feature 'Brick path'. Feature location '16,17' is already in use by 'Thelionema caespitosum'
[2021-10-18 18:27:49.28584] [32730] [error] feature_locations. Row: 9. Property name: Ron. Garden name: Back. Feature 'Brick patio'. Feature location '9,64' is already in use by 'Parsley'
[2021-10-18 18:27:49.34712] [32730] [error] feature_locations. Row: 9. Property name: Ron. Garden name: Back. Feature 'Brick patio'. Feature location '9,66' is already in use by 'Carnation'
[2021-10-18 18:27:49.54240] [32730] [error] feature_locations. Row: 9. Property name: Ron. Garden name: Back. Feature 'Brick patio'. Feature location '10,63' is already in use by 'Genovese Basil'
[2021-10-18 18:27:49.60999] [32730] [error] feature_locations. Row: 9. Property name: Ron. Garden name: Back. Feature 'Brick patio'. Feature location '10,64' is already in use by 'Coriander'
[2021-10-18 18:27:49.67270] [32730] [error] feature_locations. Row: 9. Property name: Ron. Garden name: Back. Feature 'Brick patio'. Feature location '10,65' is already in use by 'Prostrate Banksia'
[2021-10-18 18:27:49.73813] [32730] [error] feature_locations. Row: 9. Property name: Ron. Garden name: Back. Feature 'Brick patio'. Feature location '10,66' is already in use by 'Turmeric'
[2021-10-18 18:27:49.80401] [32730] [error] feature_locations. Row: 9. Property name: Ron. Garden name: Back. Feature 'Brick patio'. Feature location '10,67' is already in use by 'Spearmint'
[2021-10-18 18:27:49.93182] [32730] [error] feature_locations. Row: 9. Property name: Ron. Garden name: Back. Feature 'Brick patio'. Feature location '11,63' is already in use by 'Genovese Basil'
[2021-10-18 18:27:49.99613] [32730] [error] feature_locations. Row: 9. Property name: Ron. Garden name: Back. Feature 'Brick patio'. Feature location '11,64' is already in use by 'Land cress'
[2021-10-18 18:27:50.05802] [32730] [error] feature_locations. Row: 9. Property name: Ron. Garden name: Back. Feature 'Brick patio'. Feature location '11,65' is already in use by 'Lady 'O''
[2021-10-18 18:27:50.12616] [32730] [error] feature_locations. Row: 9. Property name: Ron. Garden name: Back. Feature 'Brick patio'. Feature location '11,67' is already in use by 'Pennywort'
[2021-10-18 18:27:50.25382] [32730] [error] feature_locations. Row: 9. Property name: Ron. Garden name: Back. Feature 'Brick patio'. Feature location '12,63' is already in use by 'Chives 2'
[2021-10-18 18:27:50.31982] [32730] [error] feature_locations. Row: 9. Property name: Ron. Garden name: Back. Feature 'Brick patio'. Feature location '12,64' is already in use by 'Honeyeater Heaven'
[2021-10-18 18:27:50.38006] [32730] [error] feature_locations. Row: 9. Property name: Ron. Garden name: Back. Feature 'Brick patio'. Feature location '12,67' is already in use by 'Mugwort'
[2021-10-18 18:27:50.50876] [32730] [error] feature_locations. Row: 9. Property name: Ron. Garden name: Back. Feature 'Brick patio'. Feature location '13,63' is already in use by 'African Basil'
[2021-10-18 18:27:50.56872] [32730] [error] feature_locations. Row: 9. Property name: Ron. Garden name: Back. Feature 'Brick patio'. Feature location '13,64' is already in use by 'Bush Crystal'
[2021-10-18 18:27:50.63622] [32730] [error] feature_locations. Row: 9. Property name: Ron. Garden name: Back. Feature 'Brick patio'. Feature location '13,65' is already in use by 'Nasturtium'
[2021-10-18 18:27:50.69911] [32730] [error] feature_locations. Row: 9. Property name: Ron. Garden name: Back. Feature 'Brick patio'. Feature location '13,66' is already in use by 'Yarrow'
[2021-10-18 18:27:50.76381] [32730] [error] feature_locations. Row: 9. Property name: Ron. Garden name: Back. Feature 'Brick patio'. Feature location '13,67' is already in use by 'Common sage'
[2021-10-18 18:27:50.89128] [32730] [error] feature_locations. Row: 9. Property name: Ron. Garden name: Back. Feature 'Brick patio'. Feature location '14,63' is already in use by 'Bush Pearl'
[2021-10-18 18:27:50.95856] [32730] [error] feature_locations. Row: 9. Property name: Ron. Garden name: Back. Feature 'Brick patio'. Feature location '14,64' is already in use by 'Bush Diamond'
[2021-10-18 18:27:51.02994] [32730] [error] feature_locations. Row: 9. Property name: Ron. Garden name: Back. Feature 'Brick patio'. Feature location '14,65' is already in use by 'Chives 1'
[2021-10-18 18:27:51.35360] [32730] [error] feature_locations. Row: 9. Property name: Ron. Garden name: Back. Feature 'Brick patio'. Feature location '15,64' is already in use by 'Spinach Beet'
[2021-10-18 18:27:51.41496] [32730] [error] feature_locations. Row: 9. Property name: Ron. Garden name: Back. Feature 'Brick patio'. Feature location '15,65' is already in use by 'Oregano'
[2021-10-18 18:28:19.50047] [32730] [info] Max (x, y) = (30, 69)
[2021-10-18 18:28:19.50075] [32730] [info] Read 29 records into 'feature_locations'
[2021-10-18 18:28:21.61962] [32730] [error] attributes. Row: 33. Common name 'Apple 3' undefined
[2021-10-18 18:28:21.68339] [32730] [error] attributes. Row: 34. Common name 'Apple 3' undefined
[2021-10-18 18:28:21.75150] [32730] [error] attributes. Row: 35. Common name 'Apple 3' undefined
[2021-10-18 18:28:21.81484] [32730] [error] attributes. Row: 36. Common name 'Apple 3' undefined
[2021-10-18 18:28:31.96233] [32730] [error] attributes. Row: 189. Common name 'Lisbon' undefined
[2021-10-18 18:28:32.02705] [32730] [error] attributes. Row: 190. Common name 'Lisbon' undefined
[2021-10-18 18:28:32.08806] [32730] [error] attributes. Row: 191. Common name 'Lisbon' undefined
[2021-10-18 18:28:32.15551] [32730] [error] attributes. Row: 192. Common name 'Lisbon' undefined
[2021-10-18 18:28:41.46395] [32730] [error] attributes. Row: 333. Common name ''Goldfever'' undefined
[2021-10-18 18:28:41.52833] [32730] [error] attributes. Row: 334. Common name ''Goldfever'' undefined
[2021-10-18 18:28:41.59538] [32730] [error] attributes. Row: 335. Common name ''Goldfever'' undefined
[2021-10-18 18:28:41.65656] [32730] [error] attributes. Row: 336. Common name ''Goldfever'' undefined
[2021-10-18 18:28:41.98866] [32730] [error] attributes. Row: 341. Common name ''Lemon Daze'' undefined
[2021-10-18 18:28:42.05254] [32730] [error] attributes. Row: 342. Common name ''Lemon Daze'' undefined
[2021-10-18 18:28:42.11953] [32730] [error] attributes. Row: 343. Common name ''Lemon Daze'' undefined
[2021-10-18 18:28:42.18058] [32730] [error] attributes. Row: 344. Common name ''Lemon Daze'' undefined
[2021-10-18 18:28:42.24522] [32730] [error] attributes. Row: 345. Common name ''Fireworks'' undefined
[2021-10-18 18:28:42.30927] [32730] [error] attributes. Row: 346. Common name ''Fireworks'' undefined
[2021-10-18 18:28:42.36815] [32730] [error] attributes. Row: 347. Common name ''Fireworks'' undefined
[2021-10-18 18:28:42.43389] [32730] [error] attributes. Row: 348. Common name ''Fireworks'' undefined
[2021-10-18 18:28:43.53953] [32730] [error] attributes. Row: 365. Common name ''Obsidian'' undefined
[2021-10-18 18:28:43.60679] [32730] [error] attributes. Row: 366. Common name ''Obsidian'' undefined
[2021-10-18 18:28:43.67128] [32730] [error] attributes. Row: 367. Common name ''Obsidian'' undefined
[2021-10-18 18:28:43.73286] [32730] [error] attributes. Row: 368. Common name ''Obsidian'' undefined
[2021-10-18 18:28:46.61082] [32730] [error] attributes. Row: 413. Common name 'Hymenosporum' undefined
[2021-10-18 18:28:46.67837] [32730] [error] attributes. Row: 414. Common name 'Hymenosporum' undefined
[2021-10-18 18:28:46.73873] [32730] [error] attributes. Row: 415. Common name 'Hymenosporum' undefined
[2021-10-18 18:28:46.80886] [32730] [error] attributes. Row: 416. Common name 'Hymenosporum' undefined
[2021-10-18 18:29:06.34568] [32730] [info] Read 712 records into 'attributes'
[2021-10-18 18:29:07.62916] [32730] [error] notes. Row: 20. Common name 'Apple 3' undefined
[2021-10-18 18:29:17.65860] [32730] [error] notes. Row: 175. Common name 'Lisbon' undefined
[2021-10-18 18:29:17.65876] [32730] [error] notes. Row: 176. Common name 'Lisbon' undefined
[2021-10-18 18:29:17.65884] [32730] [error] notes. Row: 177. Common name 'Lisbon' undefined
[2021-10-18 18:29:17.65890] [32730] [error] notes. Row: 178. Common name 'Lisbon' undefined
[2021-10-18 18:29:17.65895] [32730] [error] notes. Row: 179. Common name 'Lisbon' undefined
[2021-10-18 18:29:30.04095] [32730] [error] notes. Row: 368. Common name ''Fireworks'' undefined
[2021-10-18 18:29:30.04132] [32730] [error] notes. Row: 369. Common name ''Fireworks'' undefined
[2021-10-18 18:29:30.04152] [32730] [error] notes. Row: 370. Common name ''Fireworks'' undefined
[2021-10-18 18:29:30.04163] [32730] [error] notes. Row: 371. Common name ''Fireworks'' undefined
[2021-10-18 18:29:30.04177] [32730] [error] notes. Row: 372. Common name ''Fireworks'' undefined
[2021-10-18 18:29:30.04191] [32730] [error] notes. Row: 373. Common name ''Fireworks'' undefined
[2021-10-18 18:29:34.19978] [32730] [error] notes. Row: 437. Common name 'Hymenosporum' undefined
[2021-10-18 18:29:34.20009] [32730] [error] notes. Row: 438. Common name 'Hymenosporum' undefined
[2021-10-18 18:29:34.20021] [32730] [error] notes. Row: 439. Common name 'Hymenosporum' undefined
[2021-10-18 18:29:34.20030] [32730] [error] notes. Row: 440. Common name 'Hymenosporum' undefined
[2021-10-18 18:29:56.36392] [32730] [info] Read 777 records into 'notes'
[2021-10-18 18:29:58.09570] [32730] [error] images. Row: 28. Common name 'Apple 3' undefined
[2021-10-18 18:29:58.09588] [32730] [error] images. Row: 29. Common name 'Apple 3' undefined
[2021-10-18 18:29:58.09596] [32730] [error] images. Row: 30. Common name 'Apple 3' undefined
[2021-10-18 18:29:58.09601] [32730] [error] images. Row: 31. Common name 'Apple 3' undefined
[2021-10-18 18:29:58.09606] [32730] [error] images. Row: 32. Common name 'Apple 3' undefined
[2021-10-18 18:29:58.09613] [32730] [error] images. Row: 33. Common name 'Apple 3' undefined
[2021-10-18 18:30:06.06595] [32730] [error] images. Row: 160. Common name 'Lisbon' undefined
[2021-10-18 18:30:06.06614] [32730] [error] images. Row: 161. Common name 'Lisbon' undefined
[2021-10-18 18:30:12.06835] [32730] [error] images. Row: 257. Common name ''Goldfever'' undefined
[2021-10-18 18:30:12.06861] [32730] [error] images. Row: 258. Common name ''Goldfever'' undefined
[2021-10-18 18:30:12.12660] [32730] [error] images. Row: 260. Common name ''Lemon Daze'' undefined
[2021-10-18 18:30:12.12678] [32730] [error] images. Row: 261. Common name ''Lemon Daze'' undefined
[2021-10-18 18:30:12.12689] [32730] [error] images. Row: 262. Common name ''Fireworks'' undefined
[2021-10-18 18:30:12.12698] [32730] [error] images. Row: 263. Common name ''Fireworks'' undefined
[2021-10-18 18:30:12.12706] [32730] [error] images. Row: 264. Common name ''Fireworks'' undefined
[2021-10-18 18:30:12.74775] [32730] [error] images. Row: 275. Common name ''Obsidian'' undefined
[2021-10-18 18:30:12.74786] [32730] [error] images. Row: 276. Common name ''Obsidian'' undefined
[2021-10-18 18:30:12.74791] [32730] [error] images. Row: 277. Common name ''Obsidian'' undefined
[2021-10-18 18:30:12.74795] [32730] [error] images. Row: 278. Common name ''Obsidian'' undefined
[2021-10-18 18:30:14.70163] [32730] [error] images. Row: 311. Common name 'Hymenosporum' undefined
[2021-10-18 18:30:14.70186] [32730] [error] images. Row: 312. Common name 'Hymenosporum' undefined
[2021-10-18 18:30:28.41233] [32730] [info] Read 511 records into 'images'
[2021-10-18 18:30:32.99437] [32730] [error] urls. Row: 72. Common name 'Lisbon' undefined
[2021-10-18 18:30:35.28048] [32730] [error] urls. Row: 110. Common name ''Goldfever'' undefined
[2021-10-18 18:30:35.28077] [32730] [error] urls. Row: 111. Common name ''Goldfever'' undefined
[2021-10-18 18:30:35.33831] [32730] [error] urls. Row: 113. Common name ''Lemon Daze'' undefined
[2021-10-18 18:30:35.33844] [32730] [error] urls. Row: 114. Common name ''Lemon Daze'' undefined
[2021-10-18 18:30:35.33851] [32730] [error] urls. Row: 115. Common name ''Fireworks'' undefined
[2021-10-18 18:30:35.33857] [32730] [error] urls. Row: 116. Common name ''Fireworks'' undefined
[2021-10-18 18:30:35.58957] [32730] [error] urls. Row: 121. Common name ''Obsidian'' undefined
[2021-10-18 18:30:42.02830] [32730] [info] Read 217 records into 'urls'
